[03:30:13][5536][VK_LBUTTON]
[03:30:13][5536][VK_BACK]
[03:30:13][5536][VK_RETURN]
[03:30:13][5536][VK_SPACE]
[03:30:13][5536][VK_UP]
[03:30:13][5536][A]
[03:30:13][5536][C]
[03:30:13][5536][G]
[03:30:13][5536][N]
[03:30:13][5536][O]
[03:30:13][5536][R]
[03:30:13][5536][U]
[03:30:14][5536][A]
[03:30:14][5536][S]
[03:30:15][5536][D]
[03:30:15][5536][F]
[03:30:15][5536][S]
[03:30:15][5536][V]
[03:30:15][5536][D]
[03:30:16][5536][VK_MENU]
[03:30:16][5536][VK_LMENU]
[03:30:17][5536][VK_MENU]
[03:30:17][5536][VK_LMENU]
[03:30:18][5536][S]
[03:30:18][5536][A]
[03:30:18][5536][D]
[03:30:18][5536][F]
[03:30:18][5536][A]
[03:30:18][5536][S]
[03:30:18][5536][D]
[03:30:18][5536][F]
[03:30:19][5536][VK_LBUTTON]
[03:30:19][5536][VK_CONTROL]
[03:30:19][5536][VK_LCONTROL]
[03:30:19][5536][C]
[03:30:20][5536][VK_LBUTTON]
[03:30:20][5536][VK_CONTROL]
[03:30:20][5536][VK_LCONTROL]
[03:30:20][5536][C]
[03:30:22][5536][VK_LBUTTON]
