[06:54:40][11460][VK_LBUTTON]
[06:54:40][11460][VK_RETURN]
[06:54:40][11460][VK_CONTROL]
[06:54:40][11460][VK_SPACE]
[06:54:40][11460][A]
[06:54:40][11460][C]
[06:54:40][11460][G]
[06:54:40][11460][N]
[06:54:40][11460][O]
[06:54:40][11460][R]
[06:54:40][11460][S]
[06:54:40][11460][U]
[06:54:40][11460][VK_LCONTROL]
[06:54:40][11460][VK_OEM_2]
[06:54:40][11460][VK_OEM_3]
[06:54:43][11460][VK_LBUTTON]
[06:54:44][11460][A]
[06:54:44][11460][S]
[06:54:44][11460][D]
[06:54:44][11460][F]
[06:54:45][11460][S]
[06:54:45][11460][A]
[06:54:45][11460][V]
[06:54:47][11460][A]
[06:54:47][11460][S]
[06:54:47][11460][D]
[06:54:47][11460][F]
[06:54:49][11460][G]
[06:54:50][11460][H]
[06:54:51][11460][H]
[06:54:52][11460][H]
[06:54:53][11460][H]
[06:54:54][11460][H]
[06:54:54][11460][H]
[06:54:54][11460][H]
[06:54:54][11460][H]
[06:54:55][11460][H]
[06:54:55][11460][H]
[06:54:55][11460][H]
[06:54:55][11460][H]
[06:54:55][11460][H]
[06:54:55][11460][H]
[06:54:55][11460][H]
[06:54:55][11460][H]
[06:54:55][11460][H]
[06:54:55][11460][H]
[06:54:55][11460][H]
[06:54:55][11460][H]
[06:55:01][11460][VK_LBUTTON]
[06:55:01][11460][VK_CONTROL]
[06:55:01][11460][VK_LCONTROL]
