[03:36:15][5536][VK_LBUTTON]
[03:36:15][5536][VK_RETURN]
[03:36:15][5536][VK_SHIFT]
[03:36:15][5536][VK_CONTROL]
[03:36:15][5536][VK_UP]
[03:36:15][5536][0]
[03:36:15][5536][9]
[03:36:15][5536][C]
[03:36:15][5536][E]
[03:36:15][5536][L]
[03:36:15][5536][N]
[03:36:15][5536][O]
[03:36:15][5536][S]
[03:36:15][5536][VK_LSHIFT]
[03:36:15][5536][VK_LCONTROL]
[03:36:15][5536][VK_OEM_PERIOD]
[03:36:15][5536][VK_OEM_3]
[03:36:18][5536][A]
[03:36:18][5536][S]
[03:36:18][5536][D]
[03:36:18][5536][F]
[03:36:18][5536][A]
[03:36:18][5536][D]
[03:36:18][5536][S]
[03:36:18][5536][V]
[03:36:19][5536][VK_MENU]
[03:36:19][5536][VK_LMENU]
[03:36:24][5536][VK_MENU]
[03:36:24][5536][VK_LMENU]
[03:36:24][5536][A]
[03:36:24][5536][S]
[03:36:25][5536][D]
[03:36:25][5536][F]
[03:36:25][5536][A]
[03:36:25][5536][S]
[03:36:25][5536][D]
[03:36:25][5536][V]
[03:36:27][5536][VK_LBUTTON]
