[22:02:53][24600][VK_LBUTTON]
[22:02:53][24600][VK_RETURN]
[22:02:53][24600][VK_UP]
[22:02:53][24600][A]
[22:02:53][24600][S]
[22:02:53][24600][D]
[22:02:53][24600][F]
[22:02:54][24600][V]
[22:02:54][24600][A]
[22:02:54][24600][K]
[22:02:54][24600][VK_OEM_1]
[22:02:54][24600][J]
[22:02:54][24600][VK_OEM_1]
[22:02:55][24600][W]
[22:02:55][24600][E]
[22:02:55][24600][O]
[22:02:55][24600][J]
[22:02:55][24600][F]
[22:02:55][24600][V]
[22:02:56][24600][V]
[22:02:56][24600][S]
[22:02:56][24600][VK_OEM_1]
[22:02:56][24600][K]
[22:02:56][24600][D]
[22:02:56][24600][K]
[22:02:56][24600][V]
[22:02:56][24600][M]
[22:02:58][24600][VK_LBUTTON]
[22:03:01][24600][VK_LBUTTON]
[22:03:02][24600][VK_LBUTTON]
[22:03:02][24600][VK_CONTROL]
[22:03:02][24600][VK_LCONTROL]
