[22:03:40][24600][VK_LBUTTON]
[22:03:40][24600][VK_RETURN]
[22:03:40][24600][VK_CONTROL]
[22:03:40][24600][VK_UP]
[22:03:40][24600][C]
[22:03:40][24600][S]
[22:03:40][24600][VK_LCONTROL]
[22:03:40][24600][VK_OEM_2]
[22:03:41][24600][VK_LBUTTON]
[22:03:41][24600][VK_CONTROL]
[22:03:41][24600][VK_LCONTROL]
[22:03:41][24600][C]
[22:03:42][24600][C]
[22:03:42][24600][C]
[22:03:42][24600][C]
[22:03:44][24600][A]
[22:03:44][24600][S]
[22:03:44][24600][D]
[22:03:44][24600][F]
[22:03:44][24600][S]
[22:03:44][24600][D]
[22:03:44][24600][A]
[22:03:44][24600][V]
[22:03:44][24600][A]
[22:03:44][24600][D]
[22:03:44][24600][S]
[22:03:45][24600][V]
[22:03:45][24600][A]
[22:03:45][24600][S]
[22:03:45][24600][D]
[22:03:45][24600][V]
[22:03:45][24600][H]
[22:03:45][24600][L]
[22:03:45][24600][K]
[22:03:45][24600][A]
[22:03:45][24600][S]
[22:03:45][24600][D]
[22:03:45][24600][J]
[22:03:46][24600][F]
[22:03:46][24600][K]
[22:03:46][24600][L]
[22:03:48][24600][Q]
[22:03:48][24600][W]
[22:03:49][24600][E]
[22:03:49][24600][R]
[22:03:49][24600][T]
[22:03:50][24600][Y]
[22:03:53][24600][H]
[22:03:53][24600][E]
[22:03:53][24600][N]
[22:03:53][24600][T]
[22:03:53][24600][R]
[22:03:54][24600][Y]
[22:03:54][24600][VK_BACK]
[22:03:54][24600][VK_BACK]
[22:03:54][24600][VK_BACK]
[22:03:55][24600][H]
[22:03:55][24600][E]
[22:03:55][24600][N]
[22:03:55][24600][R]
[22:03:55][24600][Y]
[22:03:56][24600][I]
[22:03:56][24600][S]
[22:03:56][24600][C]
[22:03:56][24600][O]
[22:03:56][24600][O]
[22:03:57][24600][L]
[22:03:58][24600][VK_LBUTTON]
[22:04:05][24600][VK_LBUTTON]
[22:04:07][24600][VK_LBUTTON]
